16.1406 	WARNING 	Font Manager failed to load file /System/Library/PrivateFrameworks/FontServices.framework/Resources/Reserved/PingFangUI.ttc
16.2046 	WARNING 	Font Manager failed to load file /System/Library/PrivateFrameworks/FontServices.framework/Resources/Reserved/PingFangUI.ttc
34.1259 	INFO 	Loaded monitor calibration from ['2025_08_12 10:32']
34.1381 	WARNING 	User requested fullscreen with size [1024  768], but screen is actually [1512, 982]. Using actual size
34.2808 	INFO 	Using renderer 'Apple M2 Pro' for graphics
34.2809 	INFO 	OpenGL version supported by driver is 2..
34.3195 	EXP 	Created window1 = Window(allowGUI=False, allowStencil=False, autoLog=True, backendConf=UNKNOWN, backgroundFit=<method-wrapper '__getattribute__' of attributeSetter object at 0x15b13fc10>, backgroundImage=<method-wrapper '__getattribute__' of attributeSetter object at 0x15b13fc70>, bitsMode=UNKNOWN, blendMode='avg', bpc=(8, 8, 8), color=array([0, 0, 0]), colorSpace='rgb', depthBits=8, fullscr=True, gamma=None, gammaErrorPolicy='raise', infoMsg=UNKNOWN, lms=UNKNOWN, monitor=<psychopy.monitors.calibTools.Monitor object at 0x15b136f20>, multiSample=False, name='window1', numSamples=2, pos=[np.float64(0.0), np.float64(0.0)], screen=0, size=array([3024, 1964]), stencilBits=0, stereo=False, title='PsychoPy', units='height', useFBO=True, useRetina=True, viewOri=0.0, viewPos=None, viewScale=None, waitBlanking=True, winType='pyglet')
34.3196 	EXP 	window1: backgroundImage = ''
34.3196 	EXP 	window1: backgroundFit = 'none'
34.6442 	EXP 	window1: Attempting to measure frame rate of screen (0) ...
34.6442 	EXP 	window1: recordFrameIntervals = False
34.8190 	EXP 	window1: recordFrameIntervals = True
35.6462 	WARNING 	Couldn't measure a consistent frame rate!
  - Is your graphics card set to sync to vertical blank?
  - Are you running other processes on your computer?

36.7911 	INFO 	keyboard.Keyboard is using ptb backend.
37.0057 	INFO 	keyboard.Keyboard is using ptb backend.
37.0058 	EXP 	Stroop_Task: status = STARTED
37.0341 	EXP 	Created text_2 = TextStim(__class__=<class 'psychopy.visual.text.TextStim'>, alignHoriz=method-wrapper(...), alignText='center', alignVert=method-wrapper(...), anchorHoriz='center', anchorVert='center', antialias=True, autoDraw=False, autoLog=True, bold=False, color=array([1., 1., 1.]), colorSpace='rgb', contrast=1.0, depth=0.0, draggable=False, flipHoriz=False, flipVert=False, font='Arial', fontFiles=[], height=np.float64(0.05), italic=False, languageStyle='LTR', name='text_2', opacity=1, ori=0.0, pos=array([0., 0.]), rgb=UNKNOWN, text='Welcome', units='height', win=Window(...), wrapWidth=1)
37.0392 	EXP 	Created Fixation = ShapeStim(__class__=<class 'psychopy.visual.shape.ShapeStim'>, anchor=('center', 'center'), autoDraw=False, autoLog=True, closeShape=True, color=method-wrapper(...), colorSpace='rgb', contrast=None, depth=0.0, draggable=False, fillColor=array([1, 1, 1]), fillColorSpace='rgb', fillRGB=array([1, 1, 1]), interpolate=True, lineColor=array([1., 1., 1.]), lineColorSpace='rgb', lineRGB=array([1, 1, 1]), lineWidth=1.0, name='Fixation', opacity=1, ori=0.0, pos=array([0., 0.]), size=array([10., 10.]), units='height', vertices=ndarray(...), win=Window(...), windingRule=None)
37.0397 	EXP 	Created text = TextStim(__class__=<class 'psychopy.visual.text.TextStim'>, alignHoriz=method-wrapper(...), alignText='center', alignVert=method-wrapper(...), anchorHoriz='center', anchorVert='center', antialias=True, autoDraw=False, autoLog=True, bold=False, color=array([1., 1., 1.]), colorSpace='rgb', contrast=1.0, depth=-1.0, draggable=False, flipHoriz=False, flipVert=False, font='Arial', fontFiles=[], height=0.05, italic=False, languageStyle='LTR', name='text', opacity=1, ori=0.0, pos=array([0., 0.]), rgb=UNKNOWN, text='', units='height', win=Window(...), wrapWidth=1)
37.0447 	EXP 	Created text_3 = TextStim(__class__=<class 'psychopy.visual.text.TextStim'>, alignHoriz=method-wrapper(...), alignText='center', alignVert=method-wrapper(...), anchorHoriz='center', anchorVert='center', antialias=True, autoDraw=False, autoLog=True, bold=False, color=array([1., 1., 1.]), colorSpace='rgb', contrast=1.0, depth=0.0, draggable=False, flipHoriz=False, flipVert=False, font='Arial', fontFiles=[], height=np.float64(0.05), italic=False, languageStyle='LTR', name='text_3', opacity=1, ori=0.0, pos=array([0., 0.]), rgb=UNKNOWN, text='Thank you!', units='height', win=Window(...), wrapWidth=1)
0.0217 	EXP 	text_2: autoDraw = True
1.0259 	EXP 	Imported /Users/diyashah/Desktop/PsychoPy_Lab in Psych/Cond.xlsx as conditions, 4 conditions, 4 params
1.0278 	EXP 	New trial (rep=0, index=0): <Trial 0 (0 in rep 0) data={'word': 'RED', 'colour': 'red', 'stim_condition': 'C', 'correct_res': 'r', 'thisN': 0, 'thisTrialN': 0, 'thisRepN': 0}>
1.0585 	WARNING 	t of last frame was 44.07ms (=1/22)
1.0585 	EXP 	text_2: autoDraw = False
1.0585 	EXP 	text: foreColor = <psychopy.colors.Color: red, alpha=1.0>
1.0585 	EXP 	text: height = np.float64(0.05)
1.0585 	EXP 	text: height = np.float64(0.05)
1.0585 	EXP 	text: height = np.float64(0.05)
1.0585 	EXP 	text: text = 'RED'
1.0585 	EXP 	Fixation: autoDraw = True
1.4998 	INFO 	Keyboard events cleared
1.4997 	EXP 	Fixation: autoDraw = False
1.4997 	EXP 	text: autoDraw = True
2.2678 	WARNING 	t of last frame was 20.19ms (=1/49)
4.1714 	EXP 	Device response: <KeyPress from None: t=3.2898771250038408, value=r, duration=None>
4.1715 	EXP 	Device response: <KeyPress from None: t=3.2898771250038408, value=r, duration=0.14026358298724517>
4.1716 	EXP 	New trial (rep=0, index=1): <Trial 1 (1 in rep 0) data={'word': 'RED', 'colour': 'blue', 'stim_condition': 'I', 'correct_res': 'b', 'thisN': 1, 'thisTrialN': 1, 'thisRepN': 0}>
4.1752 	DATA 	Keypress: r
4.1798 	WARNING 	t of last frame was 883.49ms (=1/1)
4.1798 	EXP 	Fixation: autoDraw = False
4.1798 	EXP 	text: autoDraw = False
4.1798 	EXP 	text: foreColor = <psychopy.colors.Color: blue, alpha=1.0>
4.1798 	EXP 	text: text = 'RED'
4.1798 	EXP 	Fixation: autoDraw = True
4.6783 	INFO 	Keyboard events cleared
4.6782 	EXP 	Fixation: autoDraw = False
4.6782 	EXP 	text: autoDraw = True
5.6037 	EXP 	Device response: <KeyPress from None: t=5.59277441597078, value=b, duration=None>
5.6044 	EXP 	New trial (rep=0, index=2): <Trial 2 (2 in rep 0) data={'word': 'BLUE', 'colour': 'red', 'stim_condition': 'I', 'correct_res': 'r', 'thisN': 2, 'thisTrialN': 2, 'thisRepN': 0}>
5.6164 	DATA 	Keypress: b
5.6212 	EXP 	Fixation: autoDraw = False
5.6212 	EXP 	text: autoDraw = False
5.6212 	EXP 	text: foreColor = <psychopy.colors.Color: red, alpha=1.0>
5.6212 	EXP 	text: height = np.float64(0.05)
5.6212 	EXP 	text: height = np.float64(0.05)
5.6212 	EXP 	text: height = np.float64(0.05)
5.6212 	EXP 	text: text = 'BLUE'
5.6212 	EXP 	Fixation: autoDraw = True
5.7533 	EXP 	Device response: <KeyPress from None: t=5.59277441597078, value=b, duration=0.14437391702085733>
6.1191 	INFO 	Keyboard events cleared
6.1189 	EXP 	Fixation: autoDraw = False
6.1189 	EXP 	text: autoDraw = True
9.6145 	EXP 	Device response: <KeyPress from None: t=9.610724915983155, value=r, duration=None>
9.6152 	EXP 	New trial (rep=0, index=3): <Trial 3 (3 in rep 0) data={'word': 'BLUE', 'colour': 'blue', 'stim_condition': 'C', 'correct_res': 'b', 'thisN': 3, 'thisTrialN': 3, 'thisRepN': 0}>
9.6210 	DATA 	Keypress: r
9.6262 	EXP 	Fixation: autoDraw = False
9.6262 	EXP 	text: autoDraw = False
9.6262 	EXP 	text: foreColor = <psychopy.colors.Color: blue, alpha=1.0>
9.6262 	EXP 	text: text = 'BLUE'
9.6262 	EXP 	Fixation: autoDraw = True
9.7031 	EXP 	Device response: <KeyPress from None: t=9.610724915983155, value=r, duration=0.08434158400632441>
10.1145 	INFO 	Keyboard events cleared
10.1143 	EXP 	Fixation: autoDraw = False
10.1143 	EXP 	text: autoDraw = True
10.8613 	EXP 	Device response: <KeyPress from None: t=10.848662249976769, value=b, duration=None>
10.8621 	EXP 	New trial (rep=1, index=0): <Trial 4 (0 in rep 1) data={'word': 'RED', 'colour': 'red', 'stim_condition': 'C', 'correct_res': 'r', 'thisN': 4, 'thisTrialN': 0, 'thisRepN': 1}>
10.8712 	DATA 	Keypress: b
10.8762 	EXP 	Fixation: autoDraw = False
10.8762 	EXP 	text: autoDraw = False
10.8762 	EXP 	text: foreColor = <psychopy.colors.Color: red, alpha=1.0>
10.8762 	EXP 	text: height = np.float64(0.05)
10.8762 	EXP 	text: height = np.float64(0.05)
10.8762 	EXP 	text: height = np.float64(0.05)
10.8762 	EXP 	text: text = 'RED'
10.8762 	EXP 	Fixation: autoDraw = True
11.0000 	EXP 	Device response: <KeyPress from None: t=10.848662249976769, value=b, duration=0.1483667910215445>
11.3564 	INFO 	Keyboard events cleared
11.3563 	EXP 	Fixation: autoDraw = False
11.3563 	EXP 	text: autoDraw = True
12.1591 	EXP 	Device response: <KeyPress from None: t=12.155663415964227, value=r, duration=None>
12.1596 	EXP 	New trial (rep=1, index=1): <Trial 5 (1 in rep 1) data={'word': 'RED', 'colour': 'blue', 'stim_condition': 'I', 'correct_res': 'b', 'thisN': 5, 'thisTrialN': 1, 'thisRepN': 1}>
12.1658 	DATA 	Keypress: r
12.1709 	EXP 	Fixation: autoDraw = False
12.1709 	EXP 	text: autoDraw = False
12.1709 	EXP 	text: foreColor = <psychopy.colors.Color: blue, alpha=1.0>
12.1709 	EXP 	text: text = 'RED'
12.1709 	EXP 	Fixation: autoDraw = True
12.2911 	EXP 	Device response: <KeyPress from None: t=12.155663415964227, value=r, duration=0.12427954201120883>
12.6537 	INFO 	Keyboard events cleared
12.6536 	EXP 	Fixation: autoDraw = False
12.6536 	EXP 	text: autoDraw = True
13.6121 	EXP 	Device response: <KeyPress from None: t=13.610646915971301, value=r, duration=None>
13.6124 	EXP 	New trial (rep=1, index=2): <Trial 6 (2 in rep 1) data={'word': 'BLUE', 'colour': 'red', 'stim_condition': 'I', 'correct_res': 'r', 'thisN': 6, 'thisTrialN': 2, 'thisRepN': 1}>
13.6184 	DATA 	Keypress: r
13.6231 	EXP 	Fixation: autoDraw = False
13.6231 	EXP 	text: autoDraw = False
13.6231 	EXP 	text: foreColor = <psychopy.colors.Color: red, alpha=1.0>
13.6231 	EXP 	text: height = np.float64(0.05)
13.6231 	EXP 	text: height = np.float64(0.05)
13.6231 	EXP 	text: height = np.float64(0.05)
13.6231 	EXP 	text: text = 'BLUE'
13.6231 	EXP 	Fixation: autoDraw = True
13.7924 	EXP 	Device response: <KeyPress from None: t=13.610646915971301, value=r, duration=0.17633291700622067>
14.1056 	INFO 	Keyboard events cleared
14.1054 	EXP 	Fixation: autoDraw = False
14.1054 	EXP 	text: autoDraw = True
14.8556 	EXP 	Device response: <KeyPress from None: t=14.853564540972002, value=b, duration=None>
14.8562 	EXP 	New trial (rep=1, index=3): <Trial 7 (3 in rep 1) data={'word': 'BLUE', 'colour': 'blue', 'stim_condition': 'C', 'correct_res': 'b', 'thisN': 7, 'thisTrialN': 3, 'thisRepN': 1}>
14.8613 	DATA 	Keypress: b
14.8665 	EXP 	Fixation: autoDraw = False
14.8665 	EXP 	text: autoDraw = False
14.8665 	EXP 	text: foreColor = <psychopy.colors.Color: blue, alpha=1.0>
14.8665 	EXP 	text: text = 'BLUE'
14.8665 	EXP 	Fixation: autoDraw = True
15.0082 	EXP 	Device response: <KeyPress from None: t=14.853564540972002, value=b, duration=0.14831158402375877>
15.3566 	INFO 	Keyboard events cleared
15.3565 	EXP 	Fixation: autoDraw = False
15.3565 	EXP 	text: autoDraw = True
16.1100 	EXP 	Device response: <KeyPress from None: t=16.106562833010685, value=b, duration=None>
16.1104 	EXP 	New trial (rep=2, index=0): <Trial 8 (0 in rep 2) data={'word': 'RED', 'colour': 'red', 'stim_condition': 'C', 'correct_res': 'r', 'thisN': 8, 'thisTrialN': 0, 'thisRepN': 2}>
16.1169 	DATA 	Keypress: b
16.1212 	EXP 	Fixation: autoDraw = False
16.1212 	EXP 	text: autoDraw = False
16.1212 	EXP 	text: foreColor = <psychopy.colors.Color: red, alpha=1.0>
16.1212 	EXP 	text: height = np.float64(0.05)
16.1212 	EXP 	text: height = np.float64(0.05)
16.1212 	EXP 	text: height = np.float64(0.05)
16.1212 	EXP 	text: text = 'RED'
16.1212 	EXP 	Fixation: autoDraw = True
16.2425 	EXP 	Device response: <KeyPress from None: t=16.106562833010685, value=b, duration=0.13233616697834805>
16.6033 	INFO 	Keyboard events cleared
16.6032 	EXP 	Fixation: autoDraw = False
16.6032 	EXP 	text: autoDraw = True
18.6202 	EXP 	Device response: <KeyPress from None: t=18.613566915970296, value=r, duration=None>
18.6209 	EXP 	New trial (rep=2, index=1): <Trial 9 (1 in rep 2) data={'word': 'RED', 'colour': 'blue', 'stim_condition': 'I', 'correct_res': 'b', 'thisN': 9, 'thisTrialN': 1, 'thisRepN': 2}>
18.6273 	DATA 	Keypress: r
18.6326 	EXP 	Fixation: autoDraw = False
18.6326 	EXP 	text: autoDraw = False
18.6326 	EXP 	text: foreColor = <psychopy.colors.Color: blue, alpha=1.0>
18.6326 	EXP 	text: text = 'RED'
18.6326 	EXP 	Fixation: autoDraw = True
18.7749 	EXP 	Device response: <KeyPress from None: t=18.613566915970296, value=r, duration=0.15625937504228204>
19.1176 	INFO 	Keyboard events cleared
19.1174 	EXP 	Fixation: autoDraw = False
19.1174 	EXP 	text: autoDraw = True
19.9156 	EXP 	Device response: <KeyPress from None: t=19.9132511659991, value=b, duration=None>
19.9160 	EXP 	New trial (rep=2, index=2): <Trial 10 (2 in rep 2) data={'word': 'BLUE', 'colour': 'red', 'stim_condition': 'I', 'correct_res': 'r', 'thisN': 10, 'thisTrialN': 2, 'thisRepN': 2}>
19.9229 	DATA 	Keypress: b
19.9276 	EXP 	Fixation: autoDraw = False
19.9276 	EXP 	text: autoDraw = False
19.9276 	EXP 	text: foreColor = <psychopy.colors.Color: red, alpha=1.0>
19.9276 	EXP 	text: height = np.float64(0.05)
19.9276 	EXP 	text: height = np.float64(0.05)
19.9276 	EXP 	text: height = np.float64(0.05)
19.9276 	EXP 	text: text = 'BLUE'
19.9276 	EXP 	Fixation: autoDraw = True
20.0634 	EXP 	Device response: <KeyPress from None: t=19.9132511659991, value=b, duration=0.14750341698527336>
20.4064 	INFO 	Keyboard events cleared
20.4062 	EXP 	Fixation: autoDraw = False
20.4062 	EXP 	text: autoDraw = True
20.8900 	EXP 	Device response: <KeyPress from None: t=20.88840104098199, value=r, duration=None>
20.8908 	EXP 	New trial (rep=2, index=3): <Trial 11 (3 in rep 2) data={'word': 'BLUE', 'colour': 'blue', 'stim_condition': 'C', 'correct_res': 'b', 'thisN': 11, 'thisTrialN': 3, 'thisRepN': 2}>
20.8970 	EXP 	Fixation: autoDraw = False
20.8970 	EXP 	text: autoDraw = False
20.8970 	EXP 	text: foreColor = <psychopy.colors.Color: blue, alpha=1.0>
20.8970 	EXP 	text: text = 'BLUE'
20.8970 	EXP 	Fixation: autoDraw = True
20.9015 	DATA 	Keypress: r
21.0680 	EXP 	Device response: <KeyPress from None: t=20.88840104098199, value=r, duration=0.176411000022199>
21.3802 	INFO 	Keyboard events cleared
21.3801 	EXP 	Fixation: autoDraw = False
21.3801 	EXP 	text: autoDraw = True
21.7937 	EXP 	Device response: <KeyPress from None: t=21.779452415998094, value=b, duration=None>
21.7943 	EXP 	New trial (rep=3, index=0): <Trial 12 (0 in rep 3) data={'word': 'RED', 'colour': 'red', 'stim_condition': 'C', 'correct_res': 'r', 'thisN': 12, 'thisTrialN': 0, 'thisRepN': 3}>
21.8027 	DATA 	Keypress: b
21.8078 	EXP 	Fixation: autoDraw = False
21.8078 	EXP 	text: autoDraw = False
21.8078 	EXP 	text: foreColor = <psychopy.colors.Color: red, alpha=1.0>
21.8078 	EXP 	text: height = np.float64(0.05)
21.8078 	EXP 	text: height = np.float64(0.05)
21.8078 	EXP 	text: height = np.float64(0.05)
21.8078 	EXP 	text: text = 'RED'
21.8078 	EXP 	Fixation: autoDraw = True
21.9401 	EXP 	Device response: <KeyPress from None: t=21.779452415998094, value=b, duration=0.1563153750030324>
22.2874 	INFO 	Keyboard events cleared
22.2873 	EXP 	Fixation: autoDraw = False
22.2873 	EXP 	text: autoDraw = True
22.6916 	EXP 	Device response: <KeyPress from None: t=22.679436124977656, value=r, duration=None>
22.6918 	EXP 	New trial (rep=3, index=1): <Trial 13 (1 in rep 3) data={'word': 'RED', 'colour': 'blue', 'stim_condition': 'I', 'correct_res': 'b', 'thisN': 13, 'thisTrialN': 1, 'thisRepN': 3}>
22.6955 	DATA 	Keypress: r
22.7006 	EXP 	Fixation: autoDraw = False
22.7006 	EXP 	text: autoDraw = False
22.7006 	EXP 	text: foreColor = <psychopy.colors.Color: blue, alpha=1.0>
22.7006 	EXP 	text: text = 'RED'
22.7006 	EXP 	Fixation: autoDraw = True
22.8347 	EXP 	Device response: <KeyPress from None: t=22.679436124977656, value=r, duration=0.14426937501411885>
23.1914 	INFO 	Keyboard events cleared
23.1913 	EXP 	Fixation: autoDraw = False
23.1913 	EXP 	text: autoDraw = True
23.5926 	EXP 	Device response: <KeyPress from None: t=23.58247537497664, value=b, duration=None>
23.5931 	EXP 	New trial (rep=3, index=2): <Trial 14 (2 in rep 3) data={'word': 'BLUE', 'colour': 'red', 'stim_condition': 'I', 'correct_res': 'r', 'thisN': 14, 'thisTrialN': 2, 'thisRepN': 3}>
23.6016 	DATA 	Keypress: b
23.6067 	EXP 	Fixation: autoDraw = False
23.6067 	EXP 	text: autoDraw = False
23.6067 	EXP 	text: foreColor = <psychopy.colors.Color: red, alpha=1.0>
23.6067 	EXP 	text: height = np.float64(0.05)
23.6067 	EXP 	text: height = np.float64(0.05)
23.6067 	EXP 	text: height = np.float64(0.05)
23.6067 	EXP 	text: text = 'BLUE'
23.6067 	EXP 	Fixation: autoDraw = True
23.7680 	EXP 	Device response: <KeyPress from None: t=23.58247537497664, value=b, duration=0.1841867080074735>
24.0846 	INFO 	Keyboard events cleared
24.0844 	EXP 	Fixation: autoDraw = False
24.0844 	EXP 	text: autoDraw = True
24.4339 	EXP 	Device response: <KeyPress from None: t=24.432323415996507, value=r, duration=None>
24.4343 	EXP 	New trial (rep=3, index=3): <Trial 15 (3 in rep 3) data={'word': 'BLUE', 'colour': 'blue', 'stim_condition': 'C', 'correct_res': 'b', 'thisN': 15, 'thisTrialN': 3, 'thisRepN': 3}>
24.4406 	DATA 	Keypress: r
24.4457 	EXP 	Fixation: autoDraw = False
24.4457 	EXP 	text: autoDraw = False
24.4457 	EXP 	text: foreColor = <psychopy.colors.Color: blue, alpha=1.0>
24.4457 	EXP 	text: text = 'BLUE'
24.4457 	EXP 	Fixation: autoDraw = True
24.6425 	EXP 	Device response: <KeyPress from None: t=24.432323415996507, value=r, duration=0.20437645900528878>
24.9332 	INFO 	Keyboard events cleared
24.9330 	EXP 	Fixation: autoDraw = False
24.9330 	EXP 	text: autoDraw = True
25.8558 	EXP 	Device response: <KeyPress from None: t=25.853311290964484, value=b, duration=None>
25.8564 	EXP 	New trial (rep=4, index=0): <Trial 16 (0 in rep 4) data={'word': 'RED', 'colour': 'red', 'stim_condition': 'C', 'correct_res': 'r', 'thisN': 16, 'thisTrialN': 0, 'thisRepN': 4}>
25.8648 	DATA 	Keypress: b
25.8700 	EXP 	Fixation: autoDraw = False
25.8700 	EXP 	text: autoDraw = False
25.8700 	EXP 	text: foreColor = <psychopy.colors.Color: red, alpha=1.0>
25.8700 	EXP 	text: height = np.float64(0.05)
25.8700 	EXP 	text: height = np.float64(0.05)
25.8700 	EXP 	text: height = np.float64(0.05)
25.8700 	EXP 	text: text = 'RED'
25.8700 	EXP 	Fixation: autoDraw = True
26.0076 	EXP 	Device response: <KeyPress from None: t=25.853311290964484, value=b, duration=0.15230837505077943>
26.3483 	INFO 	Keyboard events cleared
26.3482 	EXP 	Fixation: autoDraw = False
26.3482 	EXP 	text: autoDraw = True
26.7824 	EXP 	Device response: <KeyPress from None: t=26.78074174997164, value=r, duration=None>
26.7832 	EXP 	New trial (rep=4, index=1): <Trial 17 (1 in rep 4) data={'word': 'RED', 'colour': 'blue', 'stim_condition': 'I', 'correct_res': 'b', 'thisN': 17, 'thisTrialN': 1, 'thisRepN': 4}>
26.7902 	EXP 	Fixation: autoDraw = False
26.7902 	EXP 	text: autoDraw = False
26.7902 	EXP 	text: foreColor = <psychopy.colors.Color: blue, alpha=1.0>
26.7902 	EXP 	text: text = 'RED'
26.7902 	EXP 	Fixation: autoDraw = True
26.7936 	DATA 	Keypress: r
26.9258 	EXP 	Device response: <KeyPress from None: t=26.78074174997164, value=r, duration=0.13584370800526813>
27.2735 	INFO 	Keyboard events cleared
27.2734 	EXP 	Fixation: autoDraw = False
27.2734 	EXP 	text: autoDraw = True
28.2925 	EXP 	Device response: <KeyPress from None: t=28.286269499978516, value=b, duration=None>
28.2929 	EXP 	New trial (rep=4, index=2): <Trial 18 (2 in rep 4) data={'word': 'BLUE', 'colour': 'red', 'stim_condition': 'I', 'correct_res': 'r', 'thisN': 18, 'thisTrialN': 2, 'thisRepN': 4}>
28.3021 	DATA 	Keypress: b
28.3071 	EXP 	Fixation: autoDraw = False
28.3071 	EXP 	text: autoDraw = False
28.3071 	EXP 	text: foreColor = <psychopy.colors.Color: red, alpha=1.0>
28.3071 	EXP 	text: height = np.float64(0.05)
28.3071 	EXP 	text: height = np.float64(0.05)
28.3071 	EXP 	text: height = np.float64(0.05)
28.3071 	EXP 	text: text = 'BLUE'
28.3071 	EXP 	Fixation: autoDraw = True
28.4325 	EXP 	Device response: <KeyPress from None: t=28.286269499978516, value=b, duration=0.14429262501653284>
28.7868 	INFO 	Keyboard events cleared
28.7867 	EXP 	Fixation: autoDraw = False
28.7867 	EXP 	text: autoDraw = True
29.5535 	EXP 	Device response: <KeyPress from None: t=29.546290625003166, value=r, duration=None>
29.5542 	EXP 	New trial (rep=4, index=3): <Trial 19 (3 in rep 4) data={'word': 'BLUE', 'colour': 'blue', 'stim_condition': 'C', 'correct_res': 'b', 'thisN': 19, 'thisTrialN': 3, 'thisRepN': 4}>
29.5607 	DATA 	Keypress: r
29.5665 	EXP 	Fixation: autoDraw = False
29.5665 	EXP 	text: autoDraw = False
29.5665 	EXP 	text: foreColor = <psychopy.colors.Color: blue, alpha=1.0>
29.5665 	EXP 	text: text = 'BLUE'
29.5665 	EXP 	Fixation: autoDraw = True
29.6734 	EXP 	Device response: <KeyPress from None: t=29.546290625003166, value=r, duration=0.12424141599331051>
30.0479 	INFO 	Keyboard events cleared
30.0477 	EXP 	Fixation: autoDraw = False
30.0477 	EXP 	text: autoDraw = True
30.6111 	EXP 	Device response: <KeyPress from None: t=30.605218957993202, value=b, duration=None>
30.6118 	EXP 	New trial (rep=5, index=0): <Trial 20 (0 in rep 5) data={'word': 'RED', 'colour': 'red', 'stim_condition': 'C', 'correct_res': 'r', 'thisN': 20, 'thisTrialN': 0, 'thisRepN': 5}>
30.6202 	DATA 	Keypress: b
30.6253 	EXP 	Fixation: autoDraw = False
30.6253 	EXP 	text: autoDraw = False
30.6253 	EXP 	text: foreColor = <psychopy.colors.Color: red, alpha=1.0>
30.6253 	EXP 	text: height = np.float64(0.05)
30.6253 	EXP 	text: height = np.float64(0.05)
30.6253 	EXP 	text: height = np.float64(0.05)
30.6253 	EXP 	text: text = 'RED'
30.6253 	EXP 	Fixation: autoDraw = True
30.7549 	EXP 	Device response: <KeyPress from None: t=30.605218957993202, value=b, duration=0.14830533298663795>
31.1053 	INFO 	Keyboard events cleared
31.1052 	EXP 	Fixation: autoDraw = False
31.1052 	EXP 	text: autoDraw = True
31.7626 	EXP 	Device response: <KeyPress from None: t=31.760168040986173, value=r, duration=None>
31.7633 	EXP 	New trial (rep=5, index=1): <Trial 21 (1 in rep 5) data={'word': 'RED', 'colour': 'blue', 'stim_condition': 'I', 'correct_res': 'b', 'thisN': 21, 'thisTrialN': 1, 'thisRepN': 5}>
31.7695 	DATA 	Keypress: r
31.7748 	EXP 	Fixation: autoDraw = False
31.7748 	EXP 	text: autoDraw = False
31.7748 	EXP 	text: foreColor = <psychopy.colors.Color: blue, alpha=1.0>
31.7748 	EXP 	text: text = 'RED'
31.7748 	EXP 	Fixation: autoDraw = True
31.9079 	EXP 	Device response: <KeyPress from None: t=31.760168040986173, value=r, duration=0.13632225000765175>
32.2653 	INFO 	Keyboard events cleared
32.2652 	EXP 	Fixation: autoDraw = False
32.2652 	EXP 	text: autoDraw = True
33.1126 	EXP 	Device response: <KeyPress from None: t=33.10816579096718, value=r, duration=None>
33.1131 	EXP 	New trial (rep=5, index=2): <Trial 22 (2 in rep 5) data={'word': 'BLUE', 'colour': 'red', 'stim_condition': 'I', 'correct_res': 'r', 'thisN': 22, 'thisTrialN': 2, 'thisRepN': 5}>
33.1202 	DATA 	Keypress: r
33.1249 	EXP 	Fixation: autoDraw = False
33.1249 	EXP 	text: autoDraw = False
33.1249 	EXP 	text: foreColor = <psychopy.colors.Color: red, alpha=1.0>
33.1249 	EXP 	text: height = np.float64(0.05)
33.1249 	EXP 	text: height = np.float64(0.05)
33.1249 	EXP 	text: height = np.float64(0.05)
33.1249 	EXP 	text: text = 'BLUE'
33.1249 	EXP 	Fixation: autoDraw = True
33.2573 	EXP 	Device response: <KeyPress from None: t=33.10816579096718, value=r, duration=0.14431391702964902>
33.6042 	INFO 	Keyboard events cleared
33.6041 	EXP 	Fixation: autoDraw = False
33.6041 	EXP 	text: autoDraw = True
34.3453 	EXP 	Device response: <KeyPress from None: t=34.33718220796436, value=b, duration=None>
34.3459 	EXP 	New trial (rep=5, index=3): <Trial 23 (3 in rep 5) data={'word': 'BLUE', 'colour': 'blue', 'stim_condition': 'C', 'correct_res': 'b', 'thisN': 23, 'thisTrialN': 3, 'thisRepN': 5}>
34.3522 	DATA 	Keypress: b
34.3574 	EXP 	Fixation: autoDraw = False
34.3574 	EXP 	text: autoDraw = False
34.3574 	EXP 	text: foreColor = <psychopy.colors.Color: blue, alpha=1.0>
34.3574 	EXP 	text: text = 'BLUE'
34.3574 	EXP 	Fixation: autoDraw = True
34.5177 	EXP 	Device response: <KeyPress from None: t=34.33718220796436, value=b, duration=0.16827645804733038>
34.8397 	INFO 	Keyboard events cleared
34.8396 	EXP 	Fixation: autoDraw = False
34.8396 	EXP 	text: autoDraw = True
35.5931 	EXP 	Device response: <KeyPress from None: t=35.58911929099122, value=b, duration=None>
35.5937 	EXP 	New trial (rep=6, index=0): <Trial 24 (0 in rep 6) data={'word': 'RED', 'colour': 'red', 'stim_condition': 'C', 'correct_res': 'r', 'thisN': 24, 'thisTrialN': 0, 'thisRepN': 6}>
35.6034 	DATA 	Keypress: b
35.6087 	EXP 	Fixation: autoDraw = False
35.6087 	EXP 	text: autoDraw = False
35.6087 	EXP 	text: foreColor = <psychopy.colors.Color: red, alpha=1.0>
35.6087 	EXP 	text: height = np.float64(0.05)
35.6087 	EXP 	text: height = np.float64(0.05)
35.6087 	EXP 	text: height = np.float64(0.05)
35.6087 	EXP 	text: text = 'RED'
35.6087 	EXP 	Fixation: autoDraw = True
35.7340 	EXP 	Device response: <KeyPress from None: t=35.58911929099122, value=b, duration=0.13723037502495572>
36.0910 	INFO 	Keyboard events cleared
36.0909 	EXP 	Fixation: autoDraw = False
36.0909 	EXP 	text: autoDraw = True
36.7324 	EXP 	Device response: <KeyPress from None: t=36.73106658301549, value=r, duration=None>
36.7330 	EXP 	New trial (rep=6, index=1): <Trial 25 (1 in rep 6) data={'word': 'RED', 'colour': 'blue', 'stim_condition': 'I', 'correct_res': 'b', 'thisN': 25, 'thisTrialN': 1, 'thisRepN': 6}>
36.7389 	EXP 	Fixation: autoDraw = False
36.7389 	EXP 	text: autoDraw = False
36.7389 	EXP 	text: foreColor = <psychopy.colors.Color: blue, alpha=1.0>
36.7389 	EXP 	text: text = 'RED'
36.7389 	EXP 	Fixation: autoDraw = True
36.7426 	DATA 	Keypress: r
36.8768 	EXP 	Device response: <KeyPress from None: t=36.73106658301549, value=r, duration=0.1322832079604268>
37.2316 	INFO 	Keyboard events cleared
37.2314 	EXP 	Fixation: autoDraw = False
37.2314 	EXP 	text: autoDraw = True
38.3898 	EXP 	Device response: <KeyPress from None: t=38.38514695799677, value=b, duration=None>
38.3904 	EXP 	New trial (rep=6, index=2): <Trial 26 (2 in rep 6) data={'word': 'BLUE', 'colour': 'red', 'stim_condition': 'I', 'correct_res': 'r', 'thisN': 26, 'thisTrialN': 2, 'thisRepN': 6}>
38.3993 	DATA 	Keypress: b
38.4046 	EXP 	Fixation: autoDraw = False
38.4046 	EXP 	text: autoDraw = False
38.4046 	EXP 	text: foreColor = <psychopy.colors.Color: red, alpha=1.0>
38.4046 	EXP 	text: height = np.float64(0.05)
38.4046 	EXP 	text: height = np.float64(0.05)
38.4046 	EXP 	text: height = np.float64(0.05)
38.4046 	EXP 	text: text = 'BLUE'
38.4046 	EXP 	Fixation: autoDraw = True
38.5257 	EXP 	Device response: <KeyPress from None: t=38.38514695799677, value=b, duration=0.12829391699051484>
38.8931 	INFO 	Keyboard events cleared
38.8929 	EXP 	Fixation: autoDraw = False
38.8929 	EXP 	text: autoDraw = True
39.6518 	EXP 	Device response: <KeyPress from None: t=39.64400454098359, value=r, duration=None>
39.6525 	EXP 	New trial (rep=6, index=3): <Trial 27 (3 in rep 6) data={'word': 'BLUE', 'colour': 'blue', 'stim_condition': 'C', 'correct_res': 'b', 'thisN': 27, 'thisTrialN': 3, 'thisRepN': 6}>
39.6591 	DATA 	Keypress: r
39.6644 	EXP 	Fixation: autoDraw = False
39.6644 	EXP 	text: autoDraw = False
39.6644 	EXP 	text: foreColor = <psychopy.colors.Color: blue, alpha=1.0>
39.6644 	EXP 	text: text = 'BLUE'
39.6644 	EXP 	Fixation: autoDraw = True
39.7747 	EXP 	Device response: <KeyPress from None: t=39.64400454098359, value=r, duration=0.1283102500019595>
40.1442 	INFO 	Keyboard events cleared
40.1441 	EXP 	Fixation: autoDraw = False
40.1441 	EXP 	text: autoDraw = True
41.1070 	EXP 	Device response: <KeyPress from None: t=41.102942541008815, value=b, duration=None>
41.1077 	EXP 	New trial (rep=7, index=0): <Trial 28 (0 in rep 7) data={'word': 'RED', 'colour': 'red', 'stim_condition': 'C', 'correct_res': 'r', 'thisN': 28, 'thisTrialN': 0, 'thisRepN': 7}>
41.1163 	DATA 	Keypress: b
41.1214 	EXP 	Fixation: autoDraw = False
41.1214 	EXP 	text: autoDraw = False
41.1214 	EXP 	text: foreColor = <psychopy.colors.Color: red, alpha=1.0>
41.1214 	EXP 	text: height = np.float64(0.05)
41.1214 	EXP 	text: height = np.float64(0.05)
41.1214 	EXP 	text: height = np.float64(0.05)
41.1214 	EXP 	text: text = 'RED'
41.1214 	EXP 	Fixation: autoDraw = True
41.2843 	EXP 	Device response: <KeyPress from None: t=41.102942541008815, value=b, duration=0.16831020900281146>
41.6098 	INFO 	Keyboard events cleared
41.6096 	EXP 	Fixation: autoDraw = False
41.6096 	EXP 	text: autoDraw = True
42.2350 	EXP 	Device response: <KeyPress from None: t=42.220931290998124, value=r, duration=None>
42.2356 	EXP 	New trial (rep=7, index=1): <Trial 29 (1 in rep 7) data={'word': 'RED', 'colour': 'blue', 'stim_condition': 'I', 'correct_res': 'b', 'thisN': 29, 'thisTrialN': 1, 'thisRepN': 7}>
42.2422 	DATA 	Keypress: r
42.2476 	EXP 	Fixation: autoDraw = False
42.2476 	EXP 	text: autoDraw = False
42.2476 	EXP 	text: foreColor = <psychopy.colors.Color: blue, alpha=1.0>
42.2476 	EXP 	text: text = 'RED'
42.2476 	EXP 	Fixation: autoDraw = True
42.3692 	EXP 	Device response: <KeyPress from None: t=42.220931290998124, value=r, duration=0.1443448750069365>
42.7325 	INFO 	Keyboard events cleared
42.7324 	EXP 	Fixation: autoDraw = False
42.7324 	EXP 	text: autoDraw = True
43.4164 	EXP 	Device response: <KeyPress from None: t=43.411934999981895, value=b, duration=None>
43.4171 	EXP 	New trial (rep=7, index=2): <Trial 30 (2 in rep 7) data={'word': 'BLUE', 'colour': 'red', 'stim_condition': 'I', 'correct_res': 'r', 'thisN': 30, 'thisTrialN': 2, 'thisRepN': 7}>
43.4257 	DATA 	Keypress: b
43.4309 	EXP 	Fixation: autoDraw = False
43.4309 	EXP 	text: autoDraw = False
43.4309 	EXP 	text: foreColor = <psychopy.colors.Color: red, alpha=1.0>
43.4309 	EXP 	text: height = np.float64(0.05)
43.4309 	EXP 	text: height = np.float64(0.05)
43.4309 	EXP 	text: height = np.float64(0.05)
43.4309 	EXP 	text: text = 'BLUE'
43.4309 	EXP 	Fixation: autoDraw = True
43.5696 	EXP 	Device response: <KeyPress from None: t=43.411934999981895, value=b, duration=0.14827466598944739>
43.9116 	INFO 	Keyboard events cleared
43.9115 	EXP 	Fixation: autoDraw = False
43.9115 	EXP 	text: autoDraw = True
44.7425 	EXP 	Device response: <KeyPress from None: t=44.729901875020005, value=r, duration=None>
44.7430 	EXP 	New trial (rep=7, index=3): <Trial 31 (3 in rep 7) data={'word': 'BLUE', 'colour': 'blue', 'stim_condition': 'C', 'correct_res': 'b', 'thisN': 31, 'thisTrialN': 3, 'thisRepN': 7}>
44.7496 	DATA 	Keypress: r
44.7551 	EXP 	Fixation: autoDraw = False
44.7551 	EXP 	text: autoDraw = False
44.7551 	EXP 	text: foreColor = <psychopy.colors.Color: blue, alpha=1.0>
44.7551 	EXP 	text: text = 'BLUE'
44.7551 	EXP 	Fixation: autoDraw = True
44.8752 	EXP 	Device response: <KeyPress from None: t=44.729901875020005, value=r, duration=0.14032445795601234>
45.2407 	INFO 	Keyboard events cleared
45.2406 	EXP 	Fixation: autoDraw = False
45.2406 	EXP 	text: autoDraw = True
45.8440 	EXP 	Device response: <KeyPress from None: t=45.83487399999285, value=b, duration=None>
45.8446 	EXP 	New trial (rep=8, index=0): <Trial 32 (0 in rep 8) data={'word': 'RED', 'colour': 'red', 'stim_condition': 'C', 'correct_res': 'r', 'thisN': 32, 'thisTrialN': 0, 'thisRepN': 8}>
45.8528 	DATA 	Keypress: b
45.8579 	EXP 	Fixation: autoDraw = False
45.8579 	EXP 	text: autoDraw = False
45.8579 	EXP 	text: foreColor = <psychopy.colors.Color: red, alpha=1.0>
45.8579 	EXP 	text: height = np.float64(0.05)
45.8579 	EXP 	text: height = np.float64(0.05)
45.8579 	EXP 	text: height = np.float64(0.05)
45.8579 	EXP 	text: text = 'RED'
45.8579 	EXP 	Fixation: autoDraw = True
46.0008 	EXP 	Device response: <KeyPress from None: t=45.83487399999285, value=b, duration=0.16427162499167025>
46.3411 	INFO 	Keyboard events cleared
46.3409 	EXP 	Fixation: autoDraw = False
46.3409 	EXP 	text: autoDraw = True
47.0875 	EXP 	Device response: <KeyPress from None: t=47.08482449996518, value=r, duration=None>
47.0882 	EXP 	New trial (rep=8, index=1): <Trial 33 (1 in rep 8) data={'word': 'RED', 'colour': 'blue', 'stim_condition': 'I', 'correct_res': 'b', 'thisN': 33, 'thisTrialN': 1, 'thisRepN': 8}>
47.0940 	DATA 	Keypress: r
47.0989 	EXP 	Fixation: autoDraw = False
47.0989 	EXP 	text: autoDraw = False
47.0989 	EXP 	text: foreColor = <psychopy.colors.Color: blue, alpha=1.0>
47.0989 	EXP 	text: text = 'RED'
47.0989 	EXP 	Fixation: autoDraw = True
47.2450 	EXP 	Device response: <KeyPress from None: t=47.08482449996518, value=r, duration=0.14832604100229219>
47.5786 	INFO 	Keyboard events cleared
47.5785 	EXP 	Fixation: autoDraw = False
47.5785 	EXP 	text: autoDraw = True
48.3594 	EXP 	Device response: <KeyPress from None: t=48.346049375017174, value=b, duration=None>
48.3600 	EXP 	New trial (rep=8, index=2): <Trial 34 (2 in rep 8) data={'word': 'BLUE', 'colour': 'red', 'stim_condition': 'I', 'correct_res': 'r', 'thisN': 34, 'thisTrialN': 2, 'thisRepN': 8}>
48.3688 	DATA 	Keypress: b
48.3739 	EXP 	Fixation: autoDraw = False
48.3739 	EXP 	text: autoDraw = False
48.3739 	EXP 	text: foreColor = <psychopy.colors.Color: red, alpha=1.0>
48.3739 	EXP 	text: height = np.float64(0.05)
48.3739 	EXP 	text: height = np.float64(0.05)
48.3739 	EXP 	text: height = np.float64(0.05)
48.3739 	EXP 	text: text = 'BLUE'
48.3739 	EXP 	Fixation: autoDraw = True
48.4999 	EXP 	Device response: <KeyPress from None: t=48.346049375017174, value=b, duration=0.15204787498805672>
48.8583 	INFO 	Keyboard events cleared
48.8582 	EXP 	Fixation: autoDraw = False
48.8582 	EXP 	text: autoDraw = True
49.6601 	EXP 	Device response: <KeyPress from None: t=49.650783374963794, value=r, duration=None>
49.6606 	EXP 	New trial (rep=8, index=3): <Trial 35 (3 in rep 8) data={'word': 'BLUE', 'colour': 'blue', 'stim_condition': 'C', 'correct_res': 'b', 'thisN': 35, 'thisTrialN': 3, 'thisRepN': 8}>
49.6669 	DATA 	Keypress: r
49.6722 	EXP 	Fixation: autoDraw = False
49.6722 	EXP 	text: autoDraw = False
49.6722 	EXP 	text: foreColor = <psychopy.colors.Color: blue, alpha=1.0>
49.6722 	EXP 	text: text = 'BLUE'
49.6722 	EXP 	Fixation: autoDraw = True
49.8054 	EXP 	Device response: <KeyPress from None: t=49.650783374963794, value=r, duration=0.15227562503423542>
50.1558 	INFO 	Keyboard events cleared
50.1557 	EXP 	Fixation: autoDraw = False
50.1557 	EXP 	text: autoDraw = True
50.9759 	EXP 	Device response: <KeyPress from None: t=50.96977154101478, value=b, duration=None>
50.9764 	EXP 	New trial (rep=9, index=0): <Trial 36 (0 in rep 9) data={'word': 'RED', 'colour': 'red', 'stim_condition': 'C', 'correct_res': 'r', 'thisN': 36, 'thisTrialN': 0, 'thisRepN': 9}>
50.9849 	DATA 	Keypress: b
50.9901 	EXP 	Fixation: autoDraw = False
50.9901 	EXP 	text: autoDraw = False
50.9901 	EXP 	text: foreColor = <psychopy.colors.Color: red, alpha=1.0>
50.9901 	EXP 	text: height = np.float64(0.05)
50.9901 	EXP 	text: height = np.float64(0.05)
50.9901 	EXP 	text: height = np.float64(0.05)
50.9901 	EXP 	text: text = 'RED'
50.9901 	EXP 	Fixation: autoDraw = True
51.1049 	EXP 	Device response: <KeyPress from None: t=50.96977154101478, value=b, duration=0.12824574997648597>
51.4697 	INFO 	Keyboard events cleared
51.4697 	EXP 	Fixation: autoDraw = False
51.4697 	EXP 	text: autoDraw = True
52.2031 	EXP 	Device response: <KeyPress from None: t=52.19474662496941, value=r, duration=None>
52.2038 	EXP 	New trial (rep=9, index=1): <Trial 37 (1 in rep 9) data={'word': 'RED', 'colour': 'blue', 'stim_condition': 'I', 'correct_res': 'b', 'thisN': 37, 'thisTrialN': 1, 'thisRepN': 9}>
52.2102 	DATA 	Keypress: r
52.2162 	EXP 	Fixation: autoDraw = False
52.2162 	EXP 	text: autoDraw = False
52.2162 	EXP 	text: foreColor = <psychopy.colors.Color: blue, alpha=1.0>
52.2162 	EXP 	text: text = 'RED'
52.2162 	EXP 	Fixation: autoDraw = True
52.3765 	EXP 	Device response: <KeyPress from None: t=52.19474662496941, value=r, duration=0.16824941604863852>
52.6994 	INFO 	Keyboard events cleared
52.6993 	EXP 	Fixation: autoDraw = False
52.6993 	EXP 	text: autoDraw = True
53.5735 	EXP 	Device response: <KeyPress from None: t=53.568719499977306, value=b, duration=None>
53.5742 	EXP 	New trial (rep=9, index=2): <Trial 38 (2 in rep 9) data={'word': 'BLUE', 'colour': 'red', 'stim_condition': 'I', 'correct_res': 'r', 'thisN': 38, 'thisTrialN': 2, 'thisRepN': 9}>
53.5832 	DATA 	Keypress: b
53.5883 	EXP 	Fixation: autoDraw = False
53.5883 	EXP 	text: autoDraw = False
53.5883 	EXP 	text: foreColor = <psychopy.colors.Color: red, alpha=1.0>
53.5883 	EXP 	text: height = np.float64(0.05)
53.5883 	EXP 	text: height = np.float64(0.05)
53.5883 	EXP 	text: height = np.float64(0.05)
53.5883 	EXP 	text: text = 'BLUE'
53.5883 	EXP 	Fixation: autoDraw = True
53.6861 	EXP 	Device response: <KeyPress from None: t=53.568719499977306, value=b, duration=0.11232741601997986>
54.0707 	INFO 	Keyboard events cleared
54.0706 	EXP 	Fixation: autoDraw = False
54.0706 	EXP 	text: autoDraw = True
54.6363 	EXP 	Device response: <KeyPress from None: t=54.633629749994725, value=r, duration=None>
54.6370 	EXP 	New trial (rep=9, index=3): <Trial 39 (3 in rep 9) data={'word': 'BLUE', 'colour': 'blue', 'stim_condition': 'C', 'correct_res': 'b', 'thisN': 39, 'thisTrialN': 3, 'thisRepN': 9}>
54.6433 	DATA 	Keypress: r
54.6485 	EXP 	Fixation: autoDraw = False
54.6485 	EXP 	text: autoDraw = False
54.6485 	EXP 	text: foreColor = <psychopy.colors.Color: blue, alpha=1.0>
54.6485 	EXP 	text: text = 'BLUE'
54.6485 	EXP 	Fixation: autoDraw = True
54.7566 	EXP 	Device response: <KeyPress from None: t=54.633629749994725, value=r, duration=0.11628458299674094>
55.1284 	INFO 	Keyboard events cleared
55.1283 	EXP 	Fixation: autoDraw = False
55.1283 	EXP 	text: autoDraw = True
56.0867 	EXP 	Device response: <KeyPress from None: t=56.0845960410079, value=b, duration=None>
56.0938 	DATA 	Keypress: b
56.0981 	EXP 	Fixation: autoDraw = False
56.0981 	EXP 	text: autoDraw = False
56.0981 	EXP 	text_3: autoDraw = True
56.2038 	EXP 	Device response: <KeyPress from None: t=56.0845960410079, value=b, duration=0.1163367920089513>
57.0855 	EXP 	text_3: autoDraw = False
57.0855 	EXP 	text_3: autoDraw = False
57.0856 	EXP 	Stroop_Task: status = STOPPED
57.1010 	INFO 	saved data to '/Users/diyashah/Desktop/PsychoPy_Lab in Psych/data/01_Stroop_Task_2025-08-26_10h26.48.163.csv'
57.1034 	INFO 	saved data to /Users/diyashah/Desktop/PsychoPy_Lab in Psych/data/01_Stroop_Task_2025-08-26_10h26.48.163.psydat
57.1075 	WARNING 	t of last frame was 22.08ms (=1/45)
57.2461 	WARNING 	Stopping key buffers but this could be dangerous ifother keyboards rely on the same.
57.2463 	WARNING 	Stopping key buffers but this could be dangerous ifother keyboards rely on the same.
